
> frontend@0.0.0 build
> vue-tsc -b && vite build

vite v8.0.16 building client environment for production...
[2Ktransforming...✓ 128 modules transformed.
rendering chunks...
computing gzip size...
dist/index.html                                0.47 kB │ gzip:  0.31 kB
dist/assets/index-Dru2LryK.css                24.93 kB │ gzip:  5.77 kB
dist/assets/AuthCard-DWzljl-k.js               0.78 kB │ gzip:  0.50 kB
dist/assets/BaseSpinner-yHfHvCad.js            0.87 kB │ gzip:  0.54 kB
dist/assets/TransactionsView-CdeHm_-y.js       1.25 kB │ gzip:  0.67 kB
dist/assets/WelcomeView-NIdZzJLy.js            1.77 kB │ gzip:  0.83 kB
dist/assets/PendingApprovalView-BWZN2rxo.js    1.81 kB │ gzip:  0.98 kB
dist/assets/LoginView-D_RNT8vZ.js              2.16 kB │ gzip:  1.02 kB
dist/assets/PasswordInput-B4lg05hr.js          2.23 kB │ gzip:  0.96 kB
dist/assets/VerifyEmailView-DomcAhsG.js        2.51 kB │ gzip:  1.23 kB
dist/assets/StatisticsView-M1LZTk-U.js         3.07 kB │ gzip:  1.13 kB
dist/assets/SupportView-CjuRijHD.js            3.15 kB │ gzip:  1.45 kB
dist/assets/RegisterView-DcjQrEB4.js           3.34 kB │ gzip:  1.28 kB
dist/assets/AppShell-DN_5KMLZ.js               3.99 kB │ gzip:  1.20 kB
dist/assets/DashboardView-QgD1EIK_.js          5.15 kB │ gzip:  1.70 kB
dist/assets/i18n-BV1SdYd7.js                   7.81 kB │ gzip:  2.68 kB
dist/assets/index-DyTg6vTl.js                148.19 kB │ gzip: 56.26 kB

✓ built in 203ms
