
> frontend@0.0.0 build
> vue-tsc -b && vite build

vite v8.0.16 building client environment for production...
[2Ktransforming...✓ 128 modules transformed.
rendering chunks...
computing gzip size...
dist/index.html                                0.47 kB │ gzip:  0.31 kB
dist/assets/index-CsbWxHku.css                26.79 kB │ gzip:  6.09 kB
dist/assets/AuthCard-BcHwX7La.js               0.78 kB │ gzip:  0.50 kB
dist/assets/BaseSpinner-BU0h6_YQ.js            0.87 kB │ gzip:  0.54 kB
dist/assets/TransactionsView-BL3UU8DR.js       1.25 kB │ gzip:  0.67 kB
dist/assets/WelcomeView-BXACkCej.js            1.76 kB │ gzip:  0.84 kB
dist/assets/PendingApprovalView-9UEjzhOM.js    2.03 kB │ gzip:  1.11 kB
dist/assets/LoginView-DtyVNX2y.js              2.16 kB │ gzip:  1.02 kB
dist/assets/PasswordInput-DI5l-Sbb.js          2.23 kB │ gzip:  0.96 kB
dist/assets/VerifyEmailView-BfP4HzYP.js        2.51 kB │ gzip:  1.23 kB
dist/assets/StatisticsView-r6IZfdeA.js         3.07 kB │ gzip:  1.13 kB
dist/assets/SupportView-CtHXBPea.js            3.16 kB │ gzip:  1.45 kB
dist/assets/RegisterView-CdLNy_Ny.js           3.33 kB │ gzip:  1.28 kB
dist/assets/DashboardView-Cyr9c5Nl.js          5.15 kB │ gzip:  1.70 kB
dist/assets/AppShell-C0TycR-R.js               5.57 kB │ gzip:  1.61 kB
dist/assets/i18n-cmvJKg9N.js                   7.95 kB │ gzip:  2.73 kB
dist/assets/index-D_UGauCH.js                148.38 kB │ gzip: 56.32 kB

✓ built in 201ms
